; ModuleID = 'test'
source_filename = "<string>"

define i64 @"0"(i64 %0) {
entry_0:
  %1 = alloca i64, align 8
  store i64 %0, ptr %1, align 4
  %2 = load i64, ptr %1, align 4
  %3 = add i64 %2, 3
  ret i64 %3
}

define i64 @"1"() {
entry_0:
  %0 = call i64 @"0"(i64 4)
  %1 = alloca i64, align 8
  store i64 %0, ptr %1, align 4
  %2 = load i64, ptr %1, align 4
  ret i64 %2
}

define i64 @main() {
  ret i64 0
}
